// Jest Snapshot v1, https://goo.gl/fbAQLP

exports[`basic table 1`] = `null`;

exports[`better scrollbar 1`] = `null`;

exports[`defaultSortOrder 1`] = `null`;

exports[`empty 1`] = `null`;

exports[`expandRowByClick 1`] = `null`;

exports[`fix all columns without width 1`] = `null`;

exports[`jsx nested cloumn 1`] = `null`;

exports[`jsx table 1`] = `null`;

exports[`onCell/onHeaderCell 1`] = `null`;

exports[`onGroupedRow 1`] = `null`;

exports[`onRow/onHeaderRow 1`] = `null`;

exports[`table column generic 1`] = `null`;

exports[`table generic 1`] = `null`;

exports[`warn if column without dataIndex 1`] = `null`;
